Initialization...
---getT---180
---after-getT---180
---after-getT---222
pdgValue use is empty...
---after-getT---226
---getT---180
---after-getT---180
---after-getT---222
pdgValue use is empty...
---after-getT---226
---getT---180
---after-getT---180
---after-getT---222
---after-getT---226
---PDGAnalysis 181---
---PDGAnalysis 184---
---getT---180
---after-getT---180
---after-getT---222
pdgValue use is empty...
---after-getT---226
---getT---180
---after-getT---180
---after-getT---222
---after-getT---226
---PDGAnalysis 181---
---PDGAnalysis 184---
---getT---180
---after-getT---180
---after-getT---222
pdgValue use is empty...
---after-getT---226
---getT---180
---after-getT---180
---after-getT---222
pdgValue use is empty...
---after-getT---226
---getT---180
---after-getT---180
---after-getT---222
pdgValue use is empty...
---after-getT---226
---getT---180
---after-getT---180
---after-getT---222
pdgValue use is empty...
---after-getT---226
---getT---180
---after-getT---180
---after-getT---222
pdgValue use is empty...
---after-getT---226
---getT---180
---after-getT---180
---after-getT---222
pdgValue use is empty...
---after-getT---226
---getT---180
---after-getT---180
---after-getT---222
pdgValue use is empty...
---after-getT---226
---getT---180
---after-getT---180
---after-getT---222
---after-getT---226
---PDGAnalysis 181---
---PDGAnalysis 184---
---getT---180
---after-getT---180
---after-getT---222
pdgValue use is empty...
---after-getT---226
---getT---180
---after-getT---180
---after-getT---222
pdgValue use is empty...
---after-getT---226
---getT---180
---after-getT---180
---after-getT---222
pdgValue use is empty...
---after-getT---226
---getT---180
---after-getT---180
---after-getT---222
pdgValue use is empty...
---after-getT---226
---getT---180
---after-getT---180
---after-getT---222
---after-getT---226
---PDGAnalysis 181---
---PDGAnalysis 184---
---getT---180
---after-getT---180
---after-getT---222
---after-getT---226
---PDGAnalysis 181---
---PDGAnalysis 184---
---getT---180
---after-getT---180
---after-getT---222
pdgValue use is empty...
---after-getT---226
---getT---180
---after-getT---180
---after-getT---222
pdgValue use is empty...
---after-getT---226
---getT---180
---after-getT---180
---after-getT---222
pdgValue use is empty...
---after-getT---226
---getT---180
---after-getT---180
---after-getT---222
---after-getT---226
---PDGAnalysis 181---
---PDGAnalysis 184---
---getT---180
---after-getT---180
---after-getT---222
---after-getT---226
---PDGAnalysis 181---
---PDGAnalysis 184---
---getT---180
---after-getT---180
---after-getT---222
---after-getT---226
---PDGAnalysis 181---
---PDGAnalysis 184---
---getT---180
---after-getT---180
---after-getT---222
pdgValue use is empty...
---after-getT---226
---getT---180
---after-getT---180
---after-getT---222
pdgValue use is empty...
---after-getT---226
---getT---180
---after-getT---180
---after-getT---222
---after-getT---226
---PDGAnalysis 181---
---PDGAnalysis 184---
---getT---180
---after-getT---180
---after-getT---222
---after-getT---226
---PDGAnalysis 181---
---PDGAnalysis 184---
---getT---180
---after-getT---180
---after-getT---222
pdgValue use is empty...
---after-getT---226
---getT---180
---after-getT---180
---after-getT---222
pdgValue use is empty...
---after-getT---226
---getT---180
---after-getT---180
---after-getT---222
pdgValue use is empty...
---after-getT---226
---getT---180
---after-getT---180
---after-getT---222
---after-getT---226
---PDGAnalysis 181---
---PDGAnalysis 184---
---getT---180
---after-getT---180
---after-getT---222
---after-getT---226
---PDGAnalysis 181---
---PDGAnalysis 184---
---getT---180
---after-getT---180
---after-getT---222
pdgValue use is empty...
---after-getT---226
---getT---180
---after-getT---180
---after-getT---222
pdgValue use is empty...
---after-getT---226
---getT---180
---after-getT---180
---after-getT---222
pdgValue use is empty...
---after-getT---226
---getT---180
---after-getT---180
---after-getT---222
---after-getT---226
---PDGAnalysis 181---
---PDGAnalysis 184---
---getT---180
---after-getT---180
---after-getT---222
---after-getT---226
---PDGAnalysis 181---
---PDGAnalysis 184---
---getT---180
---after-getT---180
---after-getT---222
pdgValue use is empty...
---after-getT---226
---getT---180
---after-getT---180
---after-getT---222
pdgValue use is empty...
---after-getT---226
---getT---180
---after-getT---180
---after-getT---222
pdgValue use is empty...
---after-getT---226
---getT---180
---after-getT---180
---after-getT---222
---after-getT---226
---PDGAnalysis 181---
---PDGAnalysis 184---
---getT---180
---after-getT---180
---after-getT---222
---after-getT---226
---PDGAnalysis 181---
---PDGAnalysis 184---
---getT---180
---after-getT---180
---after-getT---222
pdgValue use is empty...
---after-getT---226
---getT---180
---after-getT---180
---after-getT---222
pdgValue use is empty...
---after-getT---226
---getT---180
---after-getT---180
---after-getT---222
---after-getT---226
---PDGAnalysis 181---
---PDGAnalysis 184---
---getT---180
---after-getT---180
---after-getT---222
pdgValue use is empty...
---after-getT---226
---getT---180
---after-getT---180
---after-getT---222
pdgValue use is empty...
---after-getT---226
---getT---180
---after-getT---180
---after-getT---222
pdgValue use is empty...
---after-getT---226
---getT---180
---after-getT---180
---after-getT---222
---after-getT---226
---PDGAnalysis 181---
---PDGAnalysis 184---
---getT---180
---after-getT---180
---after-getT---222
pdgValue use is empty...
---after-getT---226
---getT---180
---after-getT---180
---after-getT---222
pdgValue use is empty...
---after-getT---226
---getT---180
---after-getT---180
---after-getT---222
---after-getT---226
---PDGAnalysis 181---
---PDGAnalysis 184---
---getT---180
---after-getT---180
---after-getT---222
---after-getT---226
---PDGAnalysis 181---
---PDGAnalysis 184---
---getT---180
---after-getT---180
---after-getT---222
---after-getT---226
---PDGAnalysis 181---
---PDGAnalysis 184---
---getT---180
---after-getT---180
---after-getT---222
pdgValue use is empty...
---after-getT---226
---getT---180
---after-getT---180
---after-getT---222
pdgValue use is empty...
---after-getT---226
---getT---180
---after-getT---180
---after-getT---222
---after-getT---226
---PDGAnalysis 181---
---PDGAnalysis 184---
---getT---180
---after-getT---180
---after-getT---222
---after-getT---226
---PDGAnalysis 181---
---PDGAnalysis 184---
---getT---180
---after-getT---180
---after-getT---222
pdgValue use is empty...
---after-getT---226
---getT---180
---after-getT---180
---after-getT---222
pdgValue use is empty...
---after-getT---226
---getT---180
---after-getT---180
---after-getT---222
pdgValue use is empty...
---after-getT---226
---getT---180
---after-getT---180
---after-getT---222
pdgValue use is empty...
---after-getT---226
---getT---180
---after-getT---180
---after-getT---222
---after-getT---226
---PDGAnalysis 181---
---PDGAnalysis 184---
---getT---180
---after-getT---180
---after-getT---222
---after-getT---226
---PDGAnalysis 181---
---PDGAnalysis 184---
---getT---180
---after-getT---180
---after-getT---222
---after-getT---226
---PDGAnalysis 181---
---PDGAnalysis 184---
---getT---180
---after-getT---180
---after-getT---222
---after-getT---226
---PDGAnalysis 181---
---PDGAnalysis 184---
---getT---180
---after-getT---180
---after-getT---222
---after-getT---226
---PDGAnalysis 181---
---PDGAnalysis 184---
---getT---180
---after-getT---180
---after-getT---222
---after-getT---226
---PDGAnalysis 181---
---PDGAnalysis 184---
---getT---180
---after-getT---180
---after-getT---222
---after-getT---226
---PDGAnalysis 181---
---PDGAnalysis 184---
---getT---180
---after-getT---180
---after-getT---222
---after-getT---226
---PDGAnalysis 181---
---PDGAnalysis 184---
---getT---180
---after-getT---180
---after-getT---222
---after-getT---226
---PDGAnalysis 181---
---PDGAnalysis 184---
---getT---180
---after-getT---180
---after-getT---222
---after-getT---226
---PDGAnalysis 181---
---PDGAnalysis 184---
---getT---180
---after-getT---180
---after-getT---222
---after-getT---226
---PDGAnalysis 181---
---PDGAnalysis 184---
---getT---180
---after-getT---180
---after-getT---222
---after-getT---226
---PDGAnalysis 181---
---PDGAnalysis 184---
---getT---180
---after-getT---180
---after-getT---222
---after-getT---226
---PDGAnalysis 181---
---PDGAnalysis 184---
---getT---180
---after-getT---180
---after-getT---222
---after-getT---226
---PDGAnalysis 181---
---PDGAnalysis 184---
---getT---180
---after-getT---180
---after-getT---222
---after-getT---226
---PDGAnalysis 181---
---PDGAnalysis 184---
---getT---180
---after-getT---180
---after-getT---222
---after-getT---226
---PDGAnalysis 181---
---PDGAnalysis 184---
---getT---180
---after-getT---180
---after-getT---222
---after-getT---226
---PDGAnalysis 181---
---PDGAnalysis 184---
---getT---180
---after-getT---180
---after-getT---222
---after-getT---226
---PDGAnalysis 181---
---PDGAnalysis 184---
---getT---180
---after-getT---180
---after-getT---222
---after-getT---226
---PDGAnalysis 181---
---PDGAnalysis 184---
---getT---180
---after-getT---180
---after-getT---222
---after-getT---226
---PDGAnalysis 181---
---PDGAnalysis 184---
---getT---180
---after-getT---180
---after-getT---222
---after-getT---226
---PDGAnalysis 181---
---PDGAnalysis 184---
---getT---180
---after-getT---180
---after-getT---222
---after-getT---226
---PDGAnalysis 181---
---PDGAnalysis 184---
---getT---180
---after-getT---180
---after-getT---222
---after-getT---226
---PDGAnalysis 181---
---PDGAnalysis 184---
---getT---180
---after-getT---180
---after-getT---222
---after-getT---226
---PDGAnalysis 181---
---PDGAnalysis 184---
---getT---180
---after-getT---180
---after-getT---222
pdgValue use is empty...
---after-getT---226
---getT---180
---after-getT---180
---after-getT---222
---after-getT---226
---PDGAnalysis 181---
---PDGAnalysis 184---
---getT---180
---after-getT---180
---after-getT---222
pdgValue use is empty...
---after-getT---226
---getT---180
---after-getT---180
---after-getT---222
pdgValue use is empty...
---after-getT---226
---getT---180
---after-getT---180
---after-getT---222
pdgValue use is empty...
---after-getT---226
---getT---180
---after-getT---180
---after-getT---222
---after-getT---226
---PDGAnalysis 181---
---PDGAnalysis 184---
---getT---180
---after-getT---180
---after-getT---222
---after-getT---226
---PDGAnalysis 181---
---PDGAnalysis 184---
---getT---180
---after-getT---180
---after-getT---222
---after-getT---226
---PDGAnalysis 181---
---PDGAnalysis 184---
---getT---180
---after-getT---180
---after-getT---222
---after-getT---226
---PDGAnalysis 181---
---PDGAnalysis 184---
---getT---180
---after-getT---180
---after-getT---222
---after-getT---226
---PDGAnalysis 181---
---PDGAnalysis 184---
---getT---180
---after-getT---180
---after-getT---222
pdgValue use is empty...
---after-getT---226
---getT---180
---after-getT---180
---after-getT---222
pdgValue use is empty...
---after-getT---226
---getT---180
---after-getT---180
---after-getT---222
pdgValue use is empty...
---after-getT---226
---getT---180
---after-getT---180
---after-getT---222
---after-getT---226
---PDGAnalysis 181---
---PDGAnalysis 184---
---getT---180
---after-getT---180
---after-getT---222
---after-getT---226
---PDGAnalysis 181---
---PDGAnalysis 184---
---getT---180
---after-getT---180
---after-getT---222
pdgValue use is empty...
---after-getT---226
---getT---180
---after-getT---180
---after-getT---222
pdgValue use is empty...
---after-getT---226
---getT---180
---after-getT---180
---after-getT---222
pdgValue use is empty...
---after-getT---226
---getT---180
---after-getT---180
---after-getT---222
---after-getT---226
---PDGAnalysis 181---
---PDGAnalysis 184---
---getT---180
---after-getT---180
---after-getT---222
---after-getT---226
---PDGAnalysis 181---
---PDGAnalysis 184---
---getT---180
---after-getT---180
---after-getT---222
---after-getT---226
---PDGAnalysis 181---
---PDGAnalysis 184---
---getT---180
---after-getT---180
---after-getT---222
pdgValue use is empty...
---after-getT---226
---getT---180
---after-getT---180
---after-getT---222
---after-getT---226
---PDGAnalysis 181---
---PDGAnalysis 184---
---getT---180
---after-getT---180
---after-getT---222
---after-getT---226
---PDGAnalysis 181---
---PDGAnalysis 184---
---getT---180
---after-getT---180
---after-getT---222
pdgValue use is empty...
---after-getT---226
---getT---180
---after-getT---180
---after-getT---222
pdgValue use is empty...
---after-getT---226
---getT---180
---after-getT---180
---after-getT---222
pdgValue use is empty...
---after-getT---226
---getT---180
---after-getT---180
---after-getT---222
---after-getT---226
---PDGAnalysis 181---
---PDGAnalysis 184---
---getT---180
---after-getT---180
---after-getT---222
---after-getT---226
---PDGAnalysis 181---
---PDGAnalysis 184---
---getT---180
---after-getT---180
---after-getT---222
pdgValue use is empty...
---after-getT---226
---getT---180
---after-getT---180
---after-getT---222
---after-getT---226
---PDGAnalysis 181---
---PDGAnalysis 184---
---getT---180
---after-getT---180
---after-getT---222
---after-getT---226
---PDGAnalysis 181---
---PDGAnalysis 184---
---getT---180
---after-getT---180
---after-getT---222
pdgValue use is empty...
---after-getT---226
---getT---180
---after-getT---180
---after-getT---222
pdgValue use is empty...
---after-getT---226
---getT---180
---after-getT---180
---after-getT---222
---after-getT---226
---PDGAnalysis 181---
---PDGAnalysis 184---
---getT---180
---after-getT---180
---after-getT---222
---after-getT---226
---PDGAnalysis 181---
---PDGAnalysis 184---
---getT---180
---after-getT---180
---after-getT---222
---after-getT---226
---PDGAnalysis 181---
---PDGAnalysis 184---
---getT---180
---after-getT---180
---after-getT---222
---after-getT---226
---PDGAnalysis 181---
---PDGAnalysis 184---
---getT---180
---after-getT---180
---after-getT---222
---after-getT---226
---PDGAnalysis 181---
---PDGAnalysis 184---
---getT---180
---after-getT---180
---after-getT---222
---after-getT---226
---PDGAnalysis 181---
---PDGAnalysis 184---
---getT---180
---after-getT---180
---after-getT---222
---after-getT---226
---PDGAnalysis 181---
---PDGAnalysis 184---
---getT---180
---after-getT---180
---after-getT---222
---after-getT---226
---PDGAnalysis 181---
---PDGAnalysis 184---
---getT---180
---after-getT---180
---after-getT---222
---after-getT---226
---PDGAnalysis 181---
---PDGAnalysis 184---
---getT---180
---after-getT---180
---after-getT---222
---after-getT---226
---PDGAnalysis 181---
---PDGAnalysis 184---
---getT---180
---after-getT---180
---after-getT---222
---after-getT---226
---PDGAnalysis 181---
---PDGAnalysis 184---
---getT---180
---after-getT---180
---after-getT---222
---after-getT---226
---PDGAnalysis 181---
---PDGAnalysis 184---
---getT---180
---after-getT---180
---after-getT---222
---after-getT---226
---PDGAnalysis 181---
---PDGAnalysis 184---
---getT---180
---after-getT---180
---after-getT---222
---after-getT---226
---PDGAnalysis 181---
---PDGAnalysis 184---
---getT---180
---after-getT---180
---after-getT---222
---after-getT---226
---PDGAnalysis 181---
---PDGAnalysis 184---
---getT---180
---after-getT---180
---after-getT---222
---after-getT---226
---PDGAnalysis 181---
---PDGAnalysis 184---
---getT---180
---after-getT---180
---after-getT---222
---after-getT---226
---PDGAnalysis 181---
---PDGAnalysis 184---
---getT---180
---after-getT---180
---after-getT---222
---after-getT---226
---PDGAnalysis 181---
---PDGAnalysis 184---
---getT---180
---after-getT---180
---after-getT---222
---after-getT---226
0  opt          0x00006431a118c479 llvm::sys::PrintStackTrace(_IO_FILE*) + 57
1  opt          0x00006431a118c214
2  libc.so.6    0x00007bfafd242520
3  opt          0x00006431a10a2250 llvm::Value::getNumUses() const + 16
4  libCMPass.so 0x00007bfafd1c697d PDGAnalysis::constructEdgesFromUseDefs(PDG*) + 237
5  libCMPass.so 0x00007bfafd1c9472 PDGAnalysis::constructPDGFromAnalysis(llvm::Module&) + 50
6  libCMPass.so 0x00007bfafd1c94bd PDGAnalysis::getPDG() + 29
7  libCMPass.so 0x00007bfafd1c9545 PDGAnalysis::runOnModule(llvm::Module&) + 117
8  opt          0x00006431a108c7ac llvm::legacy::PassManagerImpl::run(llvm::Module&) + 764
9  opt          0x00006431a07f80e2 main + 2626
10 libc.so.6    0x00007bfafd229d90
11 libc.so.6    0x00007bfafd229e40 __libc_start_main + 128
12 opt          0x00006431a0809cc5 _start + 37
Stack dump:
0.	Program arguments: ./build-catamaran-3.4.0/bin/opt -load ./build-catamaran-3.4.0/lib/libCMPass.so -movec -PDGAnalysis -catamaran-pdg-reaching-analysis -LoopsMovec -o CM-MoveC-2mm.bc 
1.	Running pass 'Computing the Program Dependence Graph' on module '<stdin>'.
